   ▲ Next.js 15.4.1
   - Environments: .env.local

   Creating an optimized production build ...
 ✓ Compiled successfully in 2000ms
   Linting and checking validity of types ...

Failed to compile.

./app/components/LexicalEditorComponent.tsx
182:3  Warning: 'providerRef' is defined but never used.  @typescript-eslint/no-unused-vars
187:41  Error: A `require()` style import is forbidden.  @typescript-eslint/no-require-imports

./app/components/Sidebar.tsx
216:13  Error: Do not use an `<a>` element to navigate to `/`. Use `<Link />` from `next/link` instead. See: https://nextjs.org/docs/messages/no-html-link-for-pages  @next/next/no-html-link-for-pages

./lib/supabase/server.ts
1:35  Warning: 'CookieOptions' is defined but never used.  @typescript-eslint/no-unused-vars

info  - Need to disable some ESLint rules? Learn more here: https://nextjs.org/docs/app/api-reference/config/eslint#disabling-rules
